/usr/lib/python3/dist-packages/scipy/__init__.py:146: UserWarning: A NumPy version >=1.17.3 and <1.25.0 is required for this version of SciPy (detected version 1.26.4
  warnings.warn(f"A NumPy version >={np_minversion} and <{np_maxversion}"
device: cuda
loading data...
  train=753,437  val=154,630  test=160,172

── float32 training ──
epoch  train_loss    val_loss   val_acc   val_top2
    1      0.2502      0.1121    0.9462     0.9915
    2      0.1000      0.0815    0.9610     0.9938
    3      0.0785      0.0681    0.9665     0.9954
    4      0.0694      0.0627    0.9694     0.9958
    5      0.0635      0.0654    0.9725     0.9965
    6      0.0589      0.0647    0.9718     0.9965
    7      0.0565      0.0585    0.9729     0.9968
    8      0.0535      0.0597    0.9733     0.9962
    9      0.0518      0.0604    0.9737     0.9960
   10      0.0496      0.0651    0.9734     0.9967
   11      0.0480      0.0541    0.9767     0.9970
   12      0.0472      0.0533    0.9757     0.9968
   13      0.0471      0.0612    0.9762     0.9963
   14      0.0448      0.0567    0.9786     0.9971
   15      0.0433      0.0545    0.9770     0.9970
   16      0.0428      0.0550    0.9758     0.9971
   17      0.0417      0.0559    0.9770     0.9970
   18      0.0406      0.0532    0.9771     0.9968
   19      0.0400      0.0524    0.9775     0.9974
   20      0.0390      0.0531    0.9781     0.9974
   21      0.0382      0.0458    0.9807     0.9976
   22      0.0380      0.0481    0.9802     0.9976
   23      0.0372      0.0506    0.9788     0.9974
   24      0.0369      0.0501    0.9791     0.9974
   25      0.0362      0.0535    0.9790     0.9971
   26      0.0354      0.0502    0.9799     0.9971
   27      0.0354      0.0516    0.9809     0.9974
   28      0.0346      0.0452    0.9810     0.9980
   29      0.0334      0.0473    0.9798     0.9979
   30      0.0340      0.0472    0.9807     0.9974
   31      0.0323      0.0492    0.9803     0.9975
   32      0.0326      0.0475    0.9797     0.9976
   33      0.0318      0.0494    0.9803     0.9972
   34      0.0313      0.0438    0.9811     0.9979
   35      0.0306      0.0442    0.9830     0.9979
   36      0.0300      0.0444    0.9812     0.9977
   37      0.0298      0.0430    0.9823     0.9980
   38      0.0292      0.0484    0.9811     0.9977
   39      0.0291      0.0433    0.9820     0.9978
   40      0.0289      0.0437    0.9827     0.9977
   41      0.0282      0.0402    0.9824     0.9984
   42      0.0269      0.0452    0.9820     0.9978
   43      0.0275      0.0454    0.9817     0.9977
   44      0.0266      0.0470    0.9820     0.9976
   45      0.0263      0.0456    0.9828     0.9975
   46      0.0260      0.0456    0.9825     0.9978
   47      0.0253      0.0404    0.9827     0.9981
   48      0.0249      0.0435    0.9835     0.9978
   49      0.0249      0.0425    0.9838     0.9980
   50      0.0241      0.0428    0.9837     0.9980
   51      0.0235      0.0436    0.9837     0.9982
  early stop at epoch 51

── QAT fine-tuning ──
epoch  train_loss    val_loss   val_acc   val_top2
    1      0.0712      0.1028    0.9620     0.9964
    2      0.0664      0.0782    0.9699     0.9964
    3      0.0627      0.0716    0.9677     0.9972
    4      0.0602      0.0740    0.9676     0.9965
    5      0.0566      0.0719    0.9665     0.9968
    6      0.0525      0.1452    0.9611     0.9956
    7      0.0585      0.0642    0.9691     0.9963
    8      0.0530      0.0664    0.9701     0.9969
    9      0.0560      0.0645    0.9725     0.9963
   10      0.0518      0.0655    0.9701     0.9967
   11      0.0473      0.0594    0.9778     0.9966
   12      0.0493      0.0585    0.9754     0.9969
   13      0.0467      0.0597    0.9738     0.9967
   14      0.0462      0.0583    0.9732     0.9968
   15      0.0465      0.0673    0.9718     0.9969

── test set results ──
  float32   loss=0.0471  acc=0.9789  top2=0.9975
  int8      loss=0.0599  acc=0.9756  top2=0.9975

per-class accuracy (float32):
  class  0    115200 kHz  n=18,738  acc=0.997
  class  5    499200 kHz  n= 9,054  acc=0.995
  class  6    576000 kHz  n= 3,664  acc=0.988
  class 12   1036800 kHz  n=   492  acc=0.994
  class 14   1190400 kHz  n=10,245  acc=0.974
  class 16   1344000 kHz  n=11,976  acc=0.968
  class 17   1420800 kHz  n=12,817  acc=0.996
  class 18   1497600 kHz  n= 8,071  acc=0.988
  class 19   1574400 kHz  n=35,298  acc=0.983
  class 20   1651200 kHz  n=41,320  acc=0.956
  class 21   1728000 kHz  n= 8,497  acc=0.998
